---
source: src/optimizer/core/src/test.rs
expression: output
---
==INPUT==


import { $, component$, useStyles } from '@builder.io/qwik';

const componentQrl = () => console.log('not this');
componentQrl();
export const Foo = component$(() => {
    useStyles$('thing');
    const qwik = 12;
    console.log(qwik);
    return $(() => {
        return (
            <div/>
        )
    });
}, {
    tagName: "my-foo",
});

export const Root = component$(() => {
    useStyles($('thing'));
    return $(() => {
        return (
            <div/>
        )
    });
}, {
    tagName: "my-foo",
});

============================= test.js ==

import * as qwik from "@builder.io/qwik";
import { componentQrl as componentQrl1 } from "@builder.io/qwik";
const componentQrl = ()=>console.log('not this')
;
componentQrl();
export const Foo = /*#__PURE__*/ componentQrl1(qwik.qrl(()=>import("./h_test_foo_component")
, "Foo_component"), {
    tagName: "my-foo"
});
export const Root = /*#__PURE__*/ componentQrl1(qwik.qrl(()=>import("./h_test_root_component")
, "Root_component"), {
    tagName: "my-foo"
});

============================= h_test_foo_component1.js (ENTRY POINT)==

import * as qwik from "@builder.io/qwik";
import { jsx as _jsx } from "@builder.io/qwik/jsx-runtime";
export const Foo_component1 = ()=>{
    return /*#__PURE__*/ _jsx("div", {});
};

/*
{
  "origin": "test.tsx",
  "name": "Foo_component1",
  "entry": null,
  "canonicalFilename": "h_test_foo_component1",
  "extension": "js"
}
*/
============================= h_test_foo_component.js (ENTRY POINT)==

import * as qwik from "@builder.io/qwik";
export const Foo_component = ()=>{
    useStyles$('thing');
    const qwik1 = 12;
    console.log(qwik1);
    return qwik.qrl(()=>import("./h_test_foo_component1")
    , "Foo_component1");
};

/*
{
  "origin": "test.tsx",
  "name": "Foo_component",
  "entry": null,
  "canonicalFilename": "h_test_foo_component",
  "extension": "js"
}
*/
============================= h_test_root_component3.js (ENTRY POINT)==

import * as qwik from "@builder.io/qwik";
export const Root_component3 = 'thing';

/*
{
  "origin": "test.tsx",
  "name": "Root_component3",
  "entry": null,
  "canonicalFilename": "h_test_root_component3",
  "extension": "js"
}
*/
============================= h_test_root_component4.js (ENTRY POINT)==

import * as qwik from "@builder.io/qwik";
import { jsx as _jsx } from "@builder.io/qwik/jsx-runtime";
export const Root_component4 = ()=>{
    return /*#__PURE__*/ _jsx("div", {});
};

/*
{
  "origin": "test.tsx",
  "name": "Root_component4",
  "entry": null,
  "canonicalFilename": "h_test_root_component4",
  "extension": "js"
}
*/
============================= h_test_root_component.js (ENTRY POINT)==

import * as qwik from "@builder.io/qwik";
import { useStyles } from "@builder.io/qwik";
export const Root_component = ()=>{
    useStyles(qwik.qrl(()=>import("./h_test_root_component3")
    , "Root_component3"));
    return qwik.qrl(()=>import("./h_test_root_component4")
    , "Root_component4");
};

/*
{
  "origin": "test.tsx",
  "name": "Root_component",
  "entry": null,
  "canonicalFilename": "h_test_root_component",
  "extension": "js"
}
*/
== DIAGNOSTICS ==

[]
