---
source: src/optimizer/core/src/test.rs
assertion_line: 274
expression: output

---
==INPUT==


import { $, component$ } from '@builder.io/qwik';
import {foo, bar as bbar} from "../state";
import * as dep2 from "dep2";
import dep3 from "dep3/something";

export const Header = component$(() => {
    return $(() => {
        return (
            <Header onClick={$((ev) => dep3(ev))}>
                {dep2.stuff()}{bbar()}
            </Header>
        );
    });
});

export const App = component$(() => {
    return $(() => {
        return (
            <Header>{foo()}</Header>
        );
    })
});

============================= project/test.tsx ==

import * as qwik from "@builder.io/qwik";
import { component } from "@builder.io/qwik";
export const Header = /*#__PURE__*/ component(qwik.qrl(()=>import("../entry_hooks")
, "Header_onmount"));
export const App = /*#__PURE__*/ component(qwik.qrl(()=>import("../entry_hooks")
, "App_onmount"));

============================= h_test_header_onrender_header_onclick.tsx ==

import * as qwik from "@builder.io/qwik";
import dep3 from "dep3/something";
export const Header_onRender_Header_onClick = (ev)=>dep3(ev)
;

/*
{
  "origin": "project/test.tsx",
  "name": "Header_onRender_Header_onClick",
  "entry": "entry_hooks",
  "canonicalFilename": "h_test_header_onrender_header_onclick",
  "extension": "tsx"
}
*/
============================= h_test_header_onrender.tsx ==

import * as qwik from "@builder.io/qwik";
import { Header } from "./project/test";
import { bar as bbar } from "./state";
import * as dep2 from "dep2";
export const Header_onRender = ()=>{
    return <Header onClick={qwik.qrl(()=>import("./entry_hooks")
    , "Header_onRender_Header_onClick")}>

                {dep2.stuff()}{bbar()}

            </Header>;
};

/*
{
  "origin": "project/test.tsx",
  "name": "Header_onRender",
  "entry": "entry_hooks",
  "canonicalFilename": "h_test_header_onrender",
  "extension": "tsx"
}
*/
============================= h_test_header_onmount.tsx ==

import * as qwik from "@builder.io/qwik";
export const Header_onmount = ()=>{
    return qwik.qrl(()=>import("./entry_hooks")
    , "Header_onRender");
};

/*
{
  "origin": "project/test.tsx",
  "name": "Header_onmount",
  "entry": "entry_hooks",
  "canonicalFilename": "h_test_header_onmount",
  "extension": "tsx"
}
*/
============================= h_test_app_onrender.tsx ==

import * as qwik from "@builder.io/qwik";
import { Header } from "./project/test";
import { foo } from "./state";
export const App_onRender = ()=>{
    return <Header >{foo()}</Header>;
};

/*
{
  "origin": "project/test.tsx",
  "name": "App_onRender",
  "entry": "entry_hooks",
  "canonicalFilename": "h_test_app_onrender",
  "extension": "tsx"
}
*/
============================= h_test_app_onmount.tsx ==

import * as qwik from "@builder.io/qwik";
export const App_onmount = ()=>{
    return qwik.qrl(()=>import("./entry_hooks")
    , "App_onRender");
};

/*
{
  "origin": "project/test.tsx",
  "name": "App_onmount",
  "entry": "entry_hooks",
  "canonicalFilename": "h_test_app_onmount",
  "extension": "tsx"
}
*/
============================= entry_hooks.js (ENTRY POINT)==

export { Header_onRender_Header_onClick } from "./h_test_header_onrender_header_onclick";
export { Header_onRender } from "./h_test_header_onrender";
export { Header_onmount } from "./h_test_header_onmount";
export { App_onRender } from "./h_test_app_onrender";
export { App_onmount } from "./h_test_app_onmount";

== DIAGNOSTICS ==

[]
