---
source: src/optimizer/core/src/test.rs
expression: output

---
==INPUT==


export const App = () => {
    const Header = qComponent({
        "onMount": qHook(() => { console.log("mount") }),
        onRender: qHook(() => {
            return (
            <div onClick={qHook((ctx) => console.log(ctx))}/>
            );
        })
    });
    return Header;
});
    
============================= test.tsx ==

import * as __qwik__ from "@builder.io/qwik";
export const App = ()=>{
    const Header = /*#__PURE__*/ qComponent({
        "onMount": __qwik__.qHook(()=>import("./h_test_app_header_onmount")
        , "App_Header_onMount"),
        onRender: __qwik__.qHook(()=>import("./h_test_app_header_onrender")
        , "App_Header_onRender")
    });
    return Header;
};

============================= h_test_app_header_onmount.tsx (ENTRY POINT)==

import * as __qwik__ from "@builder.io/qwik";
export const App_Header_onMount = __qwik__.qHook(()=>{
    console.log("mount");
});

============================= h_test_app_header_onrender_div_onclick.tsx (ENTRY POINT)==

import * as __qwik__ from "@builder.io/qwik";
export const App_Header_onRender_div_onClick = __qwik__.qHook((ctx)=>console.log(ctx)
);

============================= h_test_app_header_onrender.tsx (ENTRY POINT)==

import * as __qwik__ from "@builder.io/qwik";
export const App_Header_onRender = __qwik__.qHook(()=>{
    return (<div onClick={__qwik__.qHook(()=>import("./h_test_app_header_onrender_div_onclick")
    , "App_Header_onRender_div_onClick")}/>);
});

== HOOKS ==

[
  {
    "origin": "test.tsx",
    "name": "App_Header_onMount",
    "entry": null,
    "canonicalFilename": "h_test_app_header_onmount",
    "localDecl": [],
    "localIdents": [
      "console"
    ]
  },
  {
    "origin": "test.tsx",
    "name": "App_Header_onRender_div_onClick",
    "entry": null,
    "canonicalFilename": "h_test_app_header_onrender_div_onclick",
    "localDecl": [
      "ctx"
    ],
    "localIdents": [
      "console",
      "ctx"
    ]
  },
  {
    "origin": "test.tsx",
    "name": "App_Header_onRender",
    "entry": null,
    "canonicalFilename": "h_test_app_header_onrender",
    "localDecl": [],
    "localIdents": []
  }
]

== DIAGNOSTICS ==

[]
