---
source: src/test.rs
expression: output

---
==INPUT==


export const sym1 = qHook((ctx) => console.log("1"));
    

== CODE ==

export const sym1_h = qHook((ctx)=>console.log("1")
);
export const sym1 = qHook("sym1_h");


== MAP ==

{"version":3,"sources":["test.tsx"],"names":[],"mappings":"sBACoB,KAAK,EAAE,GAAG,GAAK,OAAO,CAAC,GAAG,CAAC,CAAG;;aAArC,IAAI"}

== HOOKS ==

[
  {
    "name": "sym1_h",
    "local_decl": [
      "ctx"
    ],
    "local_idents": [
      "console",
      "ctx",
      "log",
      "qHook"
    ]
  }
]

== DIAGNOSTICS ==

None
