---
source: src/optimizer/core/src/test.rs
assertion_line: 594
expression: output

---
==INPUT==


import { component$, useStyle$ } from '@builder.io/qwik';
import css1 from './global.css';
import css2 from './style.css';
import css3 from './style.css';

export const App = component$(() => {
    useStyle$(`${css1}${css2}`);
    useStyle$(css3);
})

============================= test.js ==

import * as qwik from "@builder.io/qwik";
import { component } from "@builder.io/qwik";
export const App = /*#__PURE__*/ component(qwik.qrl(()=>import("./h_test_app_onmount")
, "App_onmount"));

============================= h_test_app_usestyle.js (ENTRY POINT)==

import * as qwik from "@builder.io/qwik";
import css1 from "./global.css";
import css2 from "./style.css";
export const App_useStyle = `${css1}${css2}`;

/*
{
  "origin": "test.tsx",
  "name": "App_useStyle",
  "entry": null,
  "canonicalFilename": "h_test_app_usestyle",
  "extension": "js"
}
*/
============================= h_test_app_usestyle2.js (ENTRY POINT)==

import * as qwik from "@builder.io/qwik";
import css3 from "./style.css";
export const App_useStyle2 = css3;

/*
{
  "origin": "test.tsx",
  "name": "App_useStyle2",
  "entry": null,
  "canonicalFilename": "h_test_app_usestyle2",
  "extension": "js"
}
*/
============================= h_test_app_onmount.js (ENTRY POINT)==

import * as qwik from "@builder.io/qwik";
import { useStyle } from "@builder.io/qwik";
export const App_onmount = ()=>{
    useStyle(qwik.qrl(()=>import("./h_test_app_usestyle")
    , "App_useStyle"));
    useStyle(qwik.qrl(()=>import("./h_test_app_usestyle2")
    , "App_useStyle2"));
};

/*
{
  "origin": "test.tsx",
  "name": "App_onmount",
  "entry": null,
  "canonicalFilename": "h_test_app_onmount",
  "extension": "js"
}
*/
== DIAGNOSTICS ==

[]
