---
source: src/test.rs
expression: output

---
==INPUT==


export const Header = qComponent({
  "onMount": qHook(() => { console.log("mount") }),
  onRender: qHook(() => {
    return (
      <div onClick={qHook((ctx) => console.log(ctx))}/>
    );
  })
});
    
============================= test.js==

export const Header = qComponent({
    "onMount": qHook("h_test_Header_onMount_h.js#Header_onMount_h"),
    onRender: qHook("h_test_Header_onRender_h.js#Header_onRender_h")
});

============================= h_test_Header_onMount_h.js==

export const Header_onMount_h = qHook(()=>{
    console.log("mount");
});

============================= h_test_Header_onRender_div_onClick_h.js==

export const Header_onRender_div_onClick_h = qHook((ctx)=>console.log(ctx)
);

============================= h_test_Header_onRender_h.js==

export const Header_onRender_h = qHook(()=>{
    return (<div onClick={qHook("h_test_Header_onRender_div_onClick_h.js#Header_onRender_div_onClick_h")}/>);
});

== HOOKS ==

[
  {
    "name": "Header_onMount_h",
    "local_decl": [],
    "local_idents": [
      "console",
      "log",
      "qHook"
    ]
  },
  {
    "name": "Header_onRender_div_onClick_h",
    "local_decl": [
      "ctx"
    ],
    "local_idents": [
      "console",
      "ctx",
      "log",
      "qHook"
    ]
  },
  {
    "name": "Header_onRender_h",
    "local_decl": [
      "ctx"
    ],
    "local_idents": [
      "console",
      "ctx",
      "div",
      "log",
      "onClick",
      "qHook"
    ]
  }
]

== DIAGNOSTICS ==

None
