---
source: src/optimizer/core/src/test.rs
assertion_line: 763
expression: output

---
==INPUT==


import { qHook, qComponent, h } from '@builder.io/qwik';
const Header = qComponent({
  "onMount": qHook(() => { console.log("mount") }),
  "otherThing": () => { console.log("otherThing") },
  onRender: () => {
    return (
      <div
        prop={(ctx) => console.log(ctx)}
        on:click={(ctx) => console.log(ctx)}
        />
    );
  }
});
    
============================= test.tsx ==

import * as __qwik__ from "@builder.io/qwik";
import { qComponent } from '@builder.io/qwik';
/*#__PURE__*/ qComponent({
    "onMount": __qwik__.qrl(()=>import("./h_test_header_onmount")
    , "Header_onMount"),
    "otherThing": ()=>{
        console.log("otherThing");
    },
    onRender: ()=>{
        return <div prop={(ctx)=>console.log(ctx)
        } on:click={__qwik__.qrl(()=>import("./h_test_header_onrender_div_onclick")
        , "Header_onRender_div_onclick")}/>;
    }
});

============================= h_test_header_onmount.tsx (ENTRY POINT)==

import * as __qwik__ from "@builder.io/qwik";
export const Header_onMount = ()=>{
    console.log("mount");
};

============================= h_test_header_onrender_div_onclick.tsx (ENTRY POINT)==

import * as __qwik__ from "@builder.io/qwik";
export const Header_onRender_div_onclick = (ctx)=>console.log(ctx)
;

== HOOKS ==

[
  {
    "origin": "test.tsx",
    "name": "Header_onMount",
    "entry": null,
    "canonicalFilename": "h_test_header_onmount"
  },
  {
    "origin": "test.tsx",
    "name": "Header_onRender_div_onclick",
    "entry": null,
    "canonicalFilename": "h_test_header_onrender_div_onclick"
  }
]

== DIAGNOSTICS ==

[]
