---
source: src/optimizer/core/src/test.rs
expression: output

---
==INPUT==


export const cache = patternCache[cacheKey] || (patternCache[cacheKey]={});
    
============================= project/test.tsx ==

export const cache = patternCache[cacheKey] || (patternCache[cacheKey] = {
});

== HOOKS ==

[]

== DIAGNOSTICS ==

[]
