---
source: src/optimizer/core/src/test.rs
assertion_line: 919
expression: output

---
==INPUT==


import { $, qComponent$, onRender$ } from '@builder.io/qwik';
import thing from 'lib';
import * as all from 'lib';
import {s as se} from 'lib';


export const Header = qComponent$(() => {
    onRender$(() => <Footer>{thing}{all()}{se()}</Footer>)
});

export const Footer = qComponent$();


    
============================= project/test.js ==

import*as a from"@builder.io/qwik";import{qComponent as b}from"@builder.io/qwik";export const Header=/*#__PURE__*/ b(a.qrl(()=>import("../entry_hooks"),"Header_onmount"));export const Footer=/*#__PURE__*/ b();
============================= h_test_header_onrender.js ==

import{jsxs as a}from"@builder.io/qwik/jsx-runtime";import*as b from"@builder.io/qwik";import{Footer as c}from"./project/test";import*as d from"lib";import{s as e}from"lib";import f from"lib";export const Header_onRender=()=>/*#__PURE__*/ a(c,{children:[f,d(),e()]});
============================= h_test_header_onmount.js ==

import*as a from"@builder.io/qwik";import{onRender as b}from"@builder.io/qwik";export const Header_onmount=()=>{b(a.qrl(()=>import("../entry_hooks"),"Header_onRender"));};
============================= entry_hooks.js (ENTRY POINT)==

export{Header_onRender}from"./h_test_header_onrender";export{Header_onmount}from"./h_test_header_onmount";
== HOOKS ==

[
  {
    "origin": "project/test.tsx",
    "name": "Header_onRender",
    "entry": "entry_hooks",
    "canonicalFilename": "h_test_header_onrender"
  },
  {
    "origin": "project/test.tsx",
    "name": "Header_onmount",
    "entry": "entry_hooks",
    "canonicalFilename": "h_test_header_onmount"
  }
]

== DIAGNOSTICS ==

[]
