---
source: src/optimizer/core/src/test.rs
assertion_line: 1084
expression: output

---
==INPUT==


import { $, qComponent$, onRender$, createStore } from '@builder.io/qwik';

export const App = qComponent$(({count, rest: [I2, {I3, v1: [I4], I5=v2, ...I6}, I7=v3, ...I8]}) => {
    const state = createStore({count: 0});
    const {rest: [C2, {C3, v1: [C4], C5=v2, ...C6}, C7=v3, ...C8]} = foo();
    return onRender$(() => {
        return (
            <div on$:click={() => state.count += count + total }>
                {I2}{I3}{I4}{I5}{I6}{I7}{I8}
                {C2}{C3}{C4}{C5}{C6}{C7}{C8}
                {v1}{v2}{v3}
            </div>
        )
    });
})
    
============================= test.js ==

import * as qwik from "@builder.io/qwik";
import { qComponent } from "@builder.io/qwik";
export const App = /*#__PURE__*/ qComponent(qwik.qrl(()=>import("./h_test_app_onmount")
, "App_onmount"));

============================= h_test_app_onrender_div_onclick.js (ENTRY POINT)==

import * as qwik from "@builder.io/qwik";
export const App_onRender_div_onclick = ()=>{
    const [count, state] = qwik.useLexicalScope();
    return state.count += count + total;
};

/*
{
  "origin": "test.tsx",
  "name": "App_onRender_div_onclick",
  "entry": null,
  "canonicalFilename": "h_test_app_onrender_div_onclick",
  "extension": "js"
}
*/
============================= h_test_app_onrender.js (ENTRY POINT)==

import { jsxs as _jsxs } from "@builder.io/qwik/jsx-runtime";
import * as qwik from "@builder.io/qwik";
export const App_onRender = ()=>{
    const [C2, C3, C4, C5, C6, C7, C8, I2, I3, I4, I5, I6, I7, I8, count, state] = qwik.useLexicalScope();
    return(/*#__PURE__*/ _jsxs("div", {
        "on:click": qwik.qrl(()=>import("./h_test_app_onrender_div_onclick")
        , "App_onRender_div_onclick", [
            count,
            state
        ]),
        children: [
            I2,
            I3,
            I4,
            I5,
            I6,
            I7,
            I8,
            C2,
            C3,
            C4,
            C5,
            C6,
            C7,
            C8,
            v1,
            v2,
            v3
        ]
    }));
};

/*
{
  "origin": "test.tsx",
  "name": "App_onRender",
  "entry": null,
  "canonicalFilename": "h_test_app_onrender",
  "extension": "js"
}
*/
============================= h_test_app_onmount.js (ENTRY POINT)==

import * as qwik from "@builder.io/qwik";
import { createStore } from "@builder.io/qwik";
import { onRender } from "@builder.io/qwik";
export const App_onmount = ({ count , rest: [I2, { I3 , v1: [I4] , I5 =v2 , ...I6 }, I7 = v3, ...I8]  })=>{
    const state = createStore({
        count: 0
    });
    const { rest: [C2, { C3 , v1: [C4] , C5 =v2 , ...C6 }, C7 = v3, ...C8]  } = foo();
    return onRender(qwik.qrl(()=>import("./h_test_app_onrender")
    , "App_onRender", [
        C2,
        C3,
        C4,
        C5,
        C6,
        C7,
        C8,
        I2,
        I3,
        I4,
        I5,
        I6,
        I7,
        I8,
        count,
        state
    ]));
};

/*
{
  "origin": "test.tsx",
  "name": "App_onmount",
  "entry": null,
  "canonicalFilename": "h_test_app_onmount",
  "extension": "js"
}
*/
== DIAGNOSTICS ==

[]
