---
source: src/test.rs
expression: output

---
== CODE ==

import { qHook } from '@builderio/qwik';
export const Header_onRender_h = qHook((hola)=>{
    const hola = this;
    const { something , styff  } = hola;
    const hello = hola.nothere.stuff[global];
    return (<Header />);
});
const Header = qComponent({
    onRender: qHook("Header_onRender_h")
});


== MAP ==

{"version":3,"sources":["test.tsx"],"names":[],"mappings":"AACA,MAAM,GAAE,KAAK,QAAO,CAAiB;iCAGvB,KAAK,EAAE,IAAI,GAAK,CAAC;IACzB,KAAK,CAAC,IAAI,GAAG,IAAI;IACjB,KAAK,CAAC,CAAC,CAAA,SAAS,GAAE,KAAK,EAAA,CAAC,GAAG,IAAI;IAC/B,KAAK,CAAC,KAAK,GAAG,IAAI,CAAC,OAAO,CAAC,KAAK,CAAC,MAAM;IACvC,MAAM,GACH,MAAM;AAEX,CAAC;MARC,MAAM,GAAG,UAAU,CAAC,CAAC;IACvB,QAAQ;AAQV,CAAC"}

== HOOKS ==

[
  {
    "name": "Header_onRender_h",
    "local_decl": [
      "hello",
      "hola"
    ],
    "local_idents": [
      "Header",
      "global",
      "hello",
      "hola",
      "nothere",
      "qHook",
      "something",
      "stuff",
      "styff"
    ]
  }
]

== DIAGNOSTICS ==

None
