---
source: src/optimizer/core/src/test.rs
assertion_line: 1084
expression: output

---
==INPUT==


import { $, qComponent$, onRender$ } from '@builder.io/qwik';
export const App = () => {
    const Header = qComponent$(() => {
        console.log("mount");
        onRende(() => {
            return (
                <div onClick={$((ctx) => console.log(ctx))}/>
            );
        });
    });
    return Header;
});
    
============================= test.tsx ==

import * as qwik from "@builder.io/qwik";
import { qComponent } from "@builder.io/qwik";
export const App = ()=>{
    const Header = /*#__PURE__*/ qComponent(qwik.qrl(()=>import("./h_test_app_header")
    , "App_Header"));
    return Header;
};

============================= h_test_app_header_div_onclick.tsx (ENTRY POINT)==

import * as qwik from "@builder.io/qwik";
export const App_Header_div_onClick = (ctx)=>console.log(ctx)
;

/*
{
  "origin": "test.tsx",
  "name": "App_Header_div_onClick",
  "entry": null,
  "canonicalFilename": "h_test_app_header_div_onclick",
  "extension": "tsx"
}
*/
============================= h_test_app_header.tsx (ENTRY POINT)==

import * as qwik from "@builder.io/qwik";
export const App_Header = ()=>{
    console.log("mount");
    onRende(()=>{
        return <div onClick={qwik.qrl(()=>import("./h_test_app_header_div_onclick")
        , "App_Header_div_onClick")}/>;
    });
};

/*
{
  "origin": "test.tsx",
  "name": "App_Header",
  "entry": null,
  "canonicalFilename": "h_test_app_header",
  "extension": "tsx"
}
*/
== DIAGNOSTICS ==

[]
