---
source: src/optimizer/core/src/test.rs
expression: output
---
==INPUT==


import { $, component$ } from '@builder.io/qwik';
export const Header = component$(() => {
    return $(() => console.log("hello sym2"), "2sym")
});

============================= project/test.tsx ==

import * as qwik from "@builder.io/qwik";
import { componentFromQrl } from "@builder.io/qwik";
export const Header = /*#__PURE__*/ componentFromQrl(qwik.qrl(()=>import("../entry_hooks")
, "Header_onmount"));

============================= h_test_header_onrender.tsx ==

import * as qwik from "@builder.io/qwik";
export const Header_onRender = ()=>console.log("hello sym2")
;

/*
{
  "origin": "project/test.tsx",
  "name": "Header_onRender",
  "entry": "entry_hooks",
  "canonicalFilename": "h_test_header_onrender",
  "extension": "tsx"
}
*/
============================= h_test_header_onmount.tsx ==

import * as qwik from "@builder.io/qwik";
export const Header_onmount = ()=>{
    return qwik.qrl(()=>import("./entry_hooks")
    , "Header_onRender");
};

/*
{
  "origin": "project/test.tsx",
  "name": "Header_onmount",
  "entry": "entry_hooks",
  "canonicalFilename": "h_test_header_onmount",
  "extension": "tsx"
}
*/
============================= entry_hooks.js (ENTRY POINT)==

export { Header_onRender } from "./h_test_header_onrender";
export { Header_onmount } from "./h_test_header_onmount";

== DIAGNOSTICS ==

[Diagnostic { origin: Atom('project/test.tsx' type=dynamic), message: "Second argument should be the name of a valid identifier", code_highlights: Some([CodeHighlight { message: None, loc: SourceLocation { start_line: 4, start_col: 47, end_line: 4, end_col: 52 } }]), hints: None, show_environment: false, severity: Error, documentation_url: None }]
