---
source: src/optimizer/core/src/test.rs
assertion_line: 362
expression: output

---
==INPUT==


import { $, component$, useStore } from '@builder.io/qwik';
export const useCounter = () => {
    return useStore({count: 0});
}

export const STEP = 1;

export const App = component$((props) => {
    const state = useCounter();
    const thing = useStore({thing: 0});
    const STEP_2 = 2;

    return $(() => {
        const count2 = state.count * 2;
        return (
            <div on$:click={() => state.count+=count2 }>
                <span>{state.count}</span>
                {buttons.map(btn => (
                    <button
                        on$:click={() => state.count += btn.offset + thing + STEP + STEP_2 + props.step}
                    >
                        {btn.name}
                    </button>
                ))}

            </div>

        )
    });
})

============================= test.js ==

import * as qwik from "@builder.io/qwik";
import { component } from "@builder.io/qwik";
import { useStore } from '@builder.io/qwik';
export const useCounter = ()=>{
    return useStore({
        count: 0
    });
};
export const STEP = 1;
export const App = /*#__PURE__*/ component(qwik.qrl(()=>import("./h_test_app_onmount")
, "App_onmount"));

============================= h_test_app_onrender_div_onclick.js (ENTRY POINT)==

import * as qwik from "@builder.io/qwik";
export const App_onRender_div_onclick = ()=>{
    const [count2, state] = qwik.useLexicalScope();
    return state.count += count2;
};

/*
{
  "origin": "test.tsx",
  "name": "App_onRender_div_onclick",
  "entry": null,
  "canonicalFilename": "h_test_app_onrender_div_onclick",
  "extension": "js"
}
*/
============================= h_test_app_onrender_button_onclick.js (ENTRY POINT)==

import * as qwik from "@builder.io/qwik";
import { STEP } from "./test";
export const App_onRender_button_onclick = ()=>{
    const [STEP_2, btn, props, state, thing] = qwik.useLexicalScope();
    return state.count += btn.offset + thing + STEP + STEP_2 + props.step;
};

/*
{
  "origin": "test.tsx",
  "name": "App_onRender_button_onclick",
  "entry": null,
  "canonicalFilename": "h_test_app_onrender_button_onclick",
  "extension": "js"
}
*/
============================= h_test_app_onrender.js (ENTRY POINT)==

import { jsx as _jsx, jsxs as _jsxs } from "@builder.io/qwik/jsx-runtime";
import * as qwik from "@builder.io/qwik";
export const App_onRender = ()=>{
    const [STEP_2, props, state, thing] = qwik.useLexicalScope();
    const count2 = state.count * 2;
    return(/*#__PURE__*/ _jsxs("div", {
        "on:click": qwik.qrl(()=>import("./h_test_app_onrender_div_onclick")
        , "App_onRender_div_onclick", [
            count2,
            state
        ]),
        children: [
            /*#__PURE__*/ _jsx("span", {
                children: state.count
            }),
            buttons.map((btn)=>/*#__PURE__*/ _jsx("button", {
                    "on:click": qwik.qrl(()=>import("./h_test_app_onrender_button_onclick")
                    , "App_onRender_button_onclick", [
                        STEP_2,
                        btn,
                        props,
                        state,
                        thing
                    ]),
                    children: btn.name
                })
            )
        ]
    }));
};

/*
{
  "origin": "test.tsx",
  "name": "App_onRender",
  "entry": null,
  "canonicalFilename": "h_test_app_onrender",
  "extension": "js"
}
*/
============================= h_test_app_onmount.js (ENTRY POINT)==

import * as qwik from "@builder.io/qwik";
import { useCounter } from "./test";
import { useStore } from "@builder.io/qwik";
export const App_onmount = (props)=>{
    const state = useCounter();
    const thing = useStore({
        thing: 0
    });
    const STEP_2 = 2;
    return qwik.qrl(()=>import("./h_test_app_onrender")
    , "App_onRender", [
        STEP_2,
        props,
        state,
        thing
    ]);
};

/*
{
  "origin": "test.tsx",
  "name": "App_onmount",
  "entry": null,
  "canonicalFilename": "h_test_app_onmount",
  "extension": "js"
}
*/
== DIAGNOSTICS ==

[]
