---
source: src/optimizer/core/src/test.rs
expression: output
---
==INPUT==


import { $, component$ } from '@builder.io/qwik';
import {foo, bar as bbar} from "../state";
import * as dep2 from "dep2";
import dep3 from "dep3/something";

export const Header = component$(() => {
    return (
        <Header onClick={$((ev) => dep3(ev))}>
            {dep2.stuff()}{bbar()}
        </Header>
    );
});

export const App = component$(() => {
    return (
        <Header>{foo()}</Header>
    );
});

============================= project/test.tsx ==

import * as qwik from "@builder.io/qwik";
import { componentQrl } from "@builder.io/qwik";
export const Header = /*#__PURE__*/ componentQrl(qwik.qrl(()=>import("../entry_hooks")
, "Header_component"));
export const App = /*#__PURE__*/ componentQrl(qwik.qrl(()=>import("../entry_hooks")
, "App_component"));

============================= h_test_header_component_header_onclick.tsx ==

import * as qwik from "@builder.io/qwik";
import dep3 from "dep3/something";
export const Header_component_Header_onClick = (ev)=>dep3(ev)
;

/*
{
  "origin": "project/test.tsx",
  "name": "Header_component_Header_onClick",
  "entry": "entry_hooks",
  "canonicalFilename": "h_test_header_component_header_onclick",
  "extension": "tsx",
  "parent": "Header_component",
  "ctxKind": "function",
  "ctxName": "$",
  "captures": false
}
*/
============================= h_test_header_component.tsx ==

import * as qwik from "@builder.io/qwik";
import { Header } from "./project/test";
import { bar as bbar } from "./state";
import * as dep2 from "dep2";
export const Header_component = ()=>{
    return <Header onClick={qwik.qrl(()=>import("./entry_hooks")
    , "Header_component_Header_onClick")}>

            {dep2.stuff()}{bbar()}

        </Header>;
};

/*
{
  "origin": "project/test.tsx",
  "name": "Header_component",
  "entry": "entry_hooks",
  "canonicalFilename": "h_test_header_component",
  "extension": "tsx",
  "parent": null,
  "ctxKind": "function",
  "ctxName": "component$",
  "captures": false
}
*/
============================= h_test_app_component.tsx ==

import * as qwik from "@builder.io/qwik";
import { Header } from "./project/test";
import { foo } from "./state";
export const App_component = ()=>{
    return <Header >{foo()}</Header>;
};

/*
{
  "origin": "project/test.tsx",
  "name": "App_component",
  "entry": "entry_hooks",
  "canonicalFilename": "h_test_app_component",
  "extension": "tsx",
  "parent": null,
  "ctxKind": "function",
  "ctxName": "component$",
  "captures": false
}
*/
============================= entry_hooks.js (ENTRY POINT)==

export { Header_component_Header_onClick } from "./h_test_header_component_header_onclick";
export { Header_component } from "./h_test_header_component";
export { App_component } from "./h_test_app_component";

== DIAGNOSTICS ==

[]
