---
source: src/optimizer/core/src/test.rs
assertion_line: 811
expression: output

---
==INPUT==


import { qHook, qComponent, h } from '@builder.io/qwik';
export const Header = qComponent(() => {
    onRender(() => console.log("hello sym2"), "sym2")
});

    
============================= project/test.tsx ==

import * as __qwik__ from "@builder.io/qwik";
import { qComponent } from '@builder.io/qwik';
export const Header = /*#__PURE__*/ qComponent(__qwik__.qrl(()=>import("../entry_hooks")
, "Header_onmount"));

============================= h_test_header_onmount.tsx ==

import * as __qwik__ from "@builder.io/qwik";
export const Header_onmount = ()=>{
    onRender(()=>console.log("hello sym2")
    , "sym2");
};

============================= entry_hooks.ts (ENTRY POINT)==

export { Header_onmount } from "./h_test_header_onmount";

== HOOKS ==

[
  {
    "origin": "project/test.tsx",
    "name": "Header_onmount",
    "entry": "entry_hooks",
    "canonicalFilename": "h_test_header_onmount"
  }
]

== DIAGNOSTICS ==

[]
