---
source: src/optimizer/core/src/test.rs
expression: output
---
==INPUT==


import { $, component$, useStore } from '@builder.io/qwik';
const Header = component$(() => {
    const thing = useStore();
    const {foo, bar} = foo();

    return (
        <div>{thing}</div>
    );
});

============================= test.tsx ==

import * as qwik from "@builder.io/qwik";
import { componentQrl } from "@builder.io/qwik";
import { $, component$, useStore } from '@builder.io/qwik';
const Header = /*#__PURE__*/ componentQrl(qwik.qrl(()=>import("./header_component_d2lmh0dh3zy")
, "Header_component_D2lmH0Dh3zY"));

============================= header_component_d2lmh0dh3zy.tsx (ENTRY POINT)==

import * as qwik from "@builder.io/qwik";
import { useStore } from "@builder.io/qwik";
export const Header_component_D2lmH0Dh3zY = ()=>{
    const thing = useStore();
    const { foo , bar  } = foo();
    return <div >{thing}</div>;
};

/*
{
  "origin": "test.tsx",
  "name": "Header_component_D2lmH0Dh3zY",
  "entry": null,
  "canonicalFilename": "header_component_d2lmh0dh3zy",
  "extension": "tsx",
  "parent": null,
  "ctxKind": "function",
  "ctxName": "component$",
  "captures": false
}
*/
== DIAGNOSTICS ==

[]
