---
source: src/optimizer/core/src/test.rs
expression: output
---
==INPUT==


import { component$ as Component, $ as onRender, useStore } from '@builder.io/qwik';

export const App = Component((props) => {
    const state = useStore({thing: 0});

    return onRender(() => (
        <div>{state.thing}</div>
    ));
});

============================= test.js ==

import * as qwik from "@builder.io/qwik";
import { componentQrl } from "@builder.io/qwik";
export const App = /*#__PURE__*/ componentQrl(qwik.qrl(()=>import("./h_test_app_onmount")
, "App_onmount"));

============================= h_test_app_onrender.js (ENTRY POINT)==

import { jsx as _jsx } from "@builder.io/qwik/jsx-runtime";
import * as qwik from "@builder.io/qwik";
export const App_onRender = ()=>{
    const [state] = qwik.useLexicalScope();
    return /*#__PURE__*/ _jsx("div", {
        children: state.thing
    });
};

/*
{
  "origin": "test.tsx",
  "name": "App_onRender",
  "entry": null,
  "canonicalFilename": "h_test_app_onrender",
  "extension": "js"
}
*/
============================= h_test_app_onmount.js (ENTRY POINT)==

import * as qwik from "@builder.io/qwik";
import { useStore } from "@builder.io/qwik";
export const App_onmount = (props)=>{
    const state = useStore({
        thing: 0
    });
    return qwik.qrl(()=>import("./h_test_app_onrender")
    , "App_onRender", [
        state
    ]);
};

/*
{
  "origin": "test.tsx",
  "name": "App_onmount",
  "entry": null,
  "canonicalFilename": "h_test_app_onmount",
  "extension": "js"
}
*/
== DIAGNOSTICS ==

[]
