---
source: src/optimizer/core/src/test.rs
expression: output
---
==INPUT==


import { $, component$ } from '@builder.io/qwik';

export const Foo = component$(() => {
    return $(() => {
        return (
            <div>
            </div>
        )
    });
}, {
    tagName: "my-foo",
});

============================= test.tsx ==

import * as qwik from "@builder.io/qwik";
import { componentQrl } from "@builder.io/qwik";
export const Foo = /*#__PURE__*/ componentQrl(qwik.qrl(()=>import("./foo_component_7n2avllyvuo")
, "Foo_component_7N2avlLYVuo"), {
    tagName: "my-foo"
});

============================= foo_component$1_642otg035oo.tsx (ENTRY POINT)==

import * as qwik from "@builder.io/qwik";
export const Foo_component$1_642OtG035oo = ()=>{
    return <div >

            </div>;
};

/*
{
  "origin": "test.tsx",
  "name": "Foo_component$1_642OtG035oo",
  "entry": null,
  "canonicalFilename": "foo_component$1_642otg035oo",
  "extension": "tsx",
  "parent": "Foo_component_7N2avlLYVuo",
  "ctxKind": "function",
  "ctxName": "$",
  "captures": false
}
*/
============================= foo_component_7n2avllyvuo.tsx (ENTRY POINT)==

import * as qwik from "@builder.io/qwik";
export const Foo_component_7N2avlLYVuo = ()=>{
    return qwik.qrl(()=>import("./foo_component$1_642otg035oo")
    , "Foo_component$1_642OtG035oo");
};

/*
{
  "origin": "test.tsx",
  "name": "Foo_component_7N2avlLYVuo",
  "entry": null,
  "canonicalFilename": "foo_component_7n2avllyvuo",
  "extension": "tsx",
  "parent": null,
  "ctxKind": "function",
  "ctxName": "component$",
  "captures": false
}
*/
== DIAGNOSTICS ==

[]
