---
source: src/optimizer/core/src/test.rs
assertion_line: 594
expression: output

---
==INPUT==


import { component$, useStyles$ } from '@builder.io/qwik';
import css1 from './global.css';
import css2 from './style.css';
import css3 from './style.css';

export const App = component$(() => {
    useStyles$(`${css1}${css2}`);
    useStyles$(css3);
})

============================= test.js ==

import * as qwik from "@builder.io/qwik";
import { component } from "@builder.io/qwik";
export const App = /*#__PURE__*/ component(qwik.qrl(()=>import("./h_test_app_onmount")
, "App_onmount"));

============================= h_test_app_usestyles.js (ENTRY POINT)==

import * as qwik from "@builder.io/qwik";
import css1 from "./global.css";
import css2 from "./style.css";
export const App_useStyles = `${css1}${css2}`;

/*
{
  "origin": "test.tsx",
  "name": "App_useStyles",
  "entry": null,
  "canonicalFilename": "h_test_app_usestyles",
  "extension": "js"
}
*/
============================= h_test_app_usestyles2.js (ENTRY POINT)==

import * as qwik from "@builder.io/qwik";
import css3 from "./style.css";
export const App_useStyles2 = css3;

/*
{
  "origin": "test.tsx",
  "name": "App_useStyles2",
  "entry": null,
  "canonicalFilename": "h_test_app_usestyles2",
  "extension": "js"
}
*/
============================= h_test_app_onmount.js (ENTRY POINT)==

import * as qwik from "@builder.io/qwik";
import { useStyles } from "@builder.io/qwik";
export const App_onmount = ()=>{
    useStyles(qwik.qrl(()=>import("./h_test_app_usestyles")
    , "App_useStyles"));
    useStyles(qwik.qrl(()=>import("./h_test_app_usestyles2")
    , "App_useStyles2"));
};

/*
{
  "origin": "test.tsx",
  "name": "App_onmount",
  "entry": null,
  "canonicalFilename": "h_test_app_onmount",
  "extension": "js"
}
*/
== DIAGNOSTICS ==

[]
