---
source: src/test.rs
expression: output

---
==INPUT==


export const sym1 = qHook((ctx) => console.log("1"));
    
============================= test.js==

export const sym1 = qHook("h_test_sym1_h.js#sym1_h");

============================= h_test_sym1_h.js==

export const sym1_h = qHook((ctx)=>console.log("1")
);

== HOOKS ==

[
  {
    "name": "sym1_h",
    "local_decl": [
      "ctx"
    ],
    "local_idents": [
      "console",
      "ctx",
      "log",
      "qHook"
    ]
  }
]

== DIAGNOSTICS ==

None
