---
source: src/optimizer/core/src/test.rs
expression: output
---
==INPUT==


import { $, component$ } from '@builder.io/qwik';

export const Foo = component$(() => {

    return $(() => {
        const handler = $(() => console.log('reused'));
        return (
            <div
                on$:click={()=>console.log('on$:click')}
                onDocument$:scroll={()=>console.log('onDocument:scroll')}
                onWindow$:scroll={()=>console.log('onWindow:scroll')}

                on:keyup={handler}
                onDocument:keyup={handler}
                onWindow:keyup={handler}
            />
        )
    });
}, {
    tagName: "my-foo",
});

============================= test.js ==

import * as qwik from "@builder.io/qwik";
import { component } from "@builder.io/qwik";
export const Foo = /*#__PURE__*/ component(qwik.qrl(()=>import("./h_test_foo_onmount")
, "Foo_onmount"), {
    tagName: "my-foo"
});

============================= h_test_foo_onrender_handler.js (ENTRY POINT)==

import * as qwik from "@builder.io/qwik";
export const Foo_onRender_handler = ()=>console.log('reused')
;

/*
{
  "origin": "test.tsx",
  "name": "Foo_onRender_handler",
  "entry": null,
  "canonicalFilename": "h_test_foo_onrender_handler",
  "extension": "js"
}
*/
============================= h_test_foo_onrender_div_onclick.js (ENTRY POINT)==

import * as qwik from "@builder.io/qwik";
export const Foo_onRender_div_onclick = ()=>console.log('on$:click')
;

/*
{
  "origin": "test.tsx",
  "name": "Foo_onRender_div_onclick",
  "entry": null,
  "canonicalFilename": "h_test_foo_onrender_div_onclick",
  "extension": "js"
}
*/
============================= h_test_foo_onrender_div_ondocumentscroll.js (ENTRY POINT)==

import * as qwik from "@builder.io/qwik";
export const Foo_onRender_div_onDocumentscroll = ()=>console.log('onDocument:scroll')
;

/*
{
  "origin": "test.tsx",
  "name": "Foo_onRender_div_onDocumentscroll",
  "entry": null,
  "canonicalFilename": "h_test_foo_onrender_div_ondocumentscroll",
  "extension": "js"
}
*/
============================= h_test_foo_onrender_div_onwindowscroll.js (ENTRY POINT)==

import * as qwik from "@builder.io/qwik";
export const Foo_onRender_div_onWindowscroll = ()=>console.log('onWindow:scroll')
;

/*
{
  "origin": "test.tsx",
  "name": "Foo_onRender_div_onWindowscroll",
  "entry": null,
  "canonicalFilename": "h_test_foo_onrender_div_onwindowscroll",
  "extension": "js"
}
*/
============================= h_test_foo_onrender.js (ENTRY POINT)==

import { jsx as _jsx } from "@builder.io/qwik/jsx-runtime";
import * as qwik from "@builder.io/qwik";
export const Foo_onRender = ()=>{
    const handler = qwik.qrl(()=>import("./h_test_foo_onrender_handler")
    , "Foo_onRender_handler");
    return /*#__PURE__*/ _jsx("div", {
        "on:click": qwik.qrl(()=>import("./h_test_foo_onrender_div_onclick")
        , "Foo_onRender_div_onclick"),
        "onDocument:scroll": qwik.qrl(()=>import("./h_test_foo_onrender_div_ondocumentscroll")
        , "Foo_onRender_div_onDocumentscroll"),
        "onWindow:scroll": qwik.qrl(()=>import("./h_test_foo_onrender_div_onwindowscroll")
        , "Foo_onRender_div_onWindowscroll"),
        "on:keyup": handler,
        "onDocument:keyup": handler,
        "onWindow:keyup": handler
    });
};

/*
{
  "origin": "test.tsx",
  "name": "Foo_onRender",
  "entry": null,
  "canonicalFilename": "h_test_foo_onrender",
  "extension": "js"
}
*/
============================= h_test_foo_onmount.js (ENTRY POINT)==

import * as qwik from "@builder.io/qwik";
export const Foo_onmount = ()=>{
    return qwik.qrl(()=>import("./h_test_foo_onrender")
    , "Foo_onRender");
};

/*
{
  "origin": "test.tsx",
  "name": "Foo_onmount",
  "entry": null,
  "canonicalFilename": "h_test_foo_onmount",
  "extension": "js"
}
*/
== DIAGNOSTICS ==

[]
