---
source: src/test.rs
expression: output

---
==INPUT==


import {foo, bar as bbar} from "dep";
import * as dep2 from "dep2";
import dep3 from "dep3/something";

export const Header = qComponent({
    onRender: qHook(() => {
        return (
            <Header>{dep2.stuff()}{bbar()}</Header>
        );
    })
});

export const App = qComponent({
    onRender: qHook(() => {
        return (
            <Header>{foo(dep3)}</Header>
        );
    })
});
    
============================= /user/project/test.js==

import { foo, bar as bbar } from "dep";
import * as dep2 from "dep2";
import dep3 from "dep3/something";
export const Header = qComponent({
    onRender: qHook("h_test_Header_onRender.js#Header_onRender")
});
export const App = qComponent({
    onRender: qHook("h_test_App_onRender.js#App_onRender")
});

============================= /user/project/h_test_App_onRender.js==

import { Header } from "./test";
import dep3 from "dep3/something";
import { foo } from "dep";
export const App_onRender = qHook(()=>{
    return (<Header >{foo(dep3)}</Header>);
});

============================= /user/project/h_test_Header_onRender.js==

import { Header } from "./test";
import { bar as bbar } from "dep";
import * as dep2 from "dep2";
export const Header_onRender = qHook(()=>{
    return (<Header >{dep2.stuff()}{bbar()}</Header>);
});

== HOOKS ==

[
  {
    "name": "App_onRender",
    "local_decl": [],
    "local_idents": [
      "Header",
      "dep3",
      "foo",
      "qHook"
    ]
  },
  {
    "name": "Header_onRender",
    "local_decl": [],
    "local_idents": [
      "Header",
      "bbar",
      "dep2",
      "qHook",
      "stuff"
    ]
  }
]

== DIAGNOSTICS ==

None
