---
source: src/optimizer/core/src/test.rs
assertion_line: 1017
expression: output

---
==INPUT==


import { qComponent$, onRender$, createStore, wrap, useEffect } from '@builder.io/qwik';

export const useMemo = (qrt) => {
    useEffect(qrt);
};

export const useMemo$ = wrap(useMemo);

export const App = qComponent$((props) => {
    const state = createStore({count: 0});
    useMemo$(() => {
        console.log(state.count);
    });
    return onRender$(() => (
        <div>{state.count}</div>
    ));
});

export const Lightweight = (props) => {
    useMemo$(() => {
        console.log(state.count);
    });
});

============================= test.js ==

import * as qwik from "@builder.io/qwik";
import { qComponent } from "@builder.io/qwik";
import { wrap, useEffect } from '@builder.io/qwik';
export const useMemo = (qrt)=>{
    useEffect(qrt);
};
export const useMemo$ = wrap(useMemo);
export const App = /*#__PURE__*/ qComponent(qwik.qrl(()=>import("./h_test_app_onmount")
, "App_onmount"));
export const Lightweight = (props)=>{
    useMemo(qwik.qrl(()=>import("./h_test_lightweight_usememo")
    , "Lightweight_useMemo"));
};

============================= h_test_app_usememo.js (ENTRY POINT)==

import * as qwik from "@builder.io/qwik";
export const App_useMemo = ()=>{
    const [state] = qwik.useLexicalScope();
    console.log(state.count);
};

/*
{
  "origin": "test.tsx",
  "name": "App_useMemo",
  "entry": null,
  "canonicalFilename": "h_test_app_usememo",
  "extension": "js"
}
*/
============================= h_test_app_onrender.js (ENTRY POINT)==

import { jsx as _jsx } from "@builder.io/qwik/jsx-runtime";
import * as qwik from "@builder.io/qwik";
export const App_onRender = ()=>{
    const [state] = qwik.useLexicalScope();
    return(/*#__PURE__*/ _jsx("div", {
        children: state.count
    }));
};

/*
{
  "origin": "test.tsx",
  "name": "App_onRender",
  "entry": null,
  "canonicalFilename": "h_test_app_onrender",
  "extension": "js"
}
*/
============================= h_test_app_onmount.js (ENTRY POINT)==

import * as qwik from "@builder.io/qwik";
import { createStore } from "@builder.io/qwik";
import { onRender } from "@builder.io/qwik";
import { useMemo } from "./test";
export const App_onmount = (props)=>{
    const state = createStore({
        count: 0
    });
    useMemo(qwik.qrl(()=>import("./h_test_app_usememo")
    , "App_useMemo", [
        state
    ]));
    return onRender(qwik.qrl(()=>import("./h_test_app_onrender")
    , "App_onRender", [
        state
    ]));
};

/*
{
  "origin": "test.tsx",
  "name": "App_onmount",
  "entry": null,
  "canonicalFilename": "h_test_app_onmount",
  "extension": "js"
}
*/
============================= h_test_lightweight_usememo.js (ENTRY POINT)==

import * as qwik from "@builder.io/qwik";
export const Lightweight_useMemo = ()=>{
    console.log(state.count);
};

/*
{
  "origin": "test.tsx",
  "name": "Lightweight_useMemo",
  "entry": null,
  "canonicalFilename": "h_test_lightweight_usememo",
  "extension": "js"
}
*/
== DIAGNOSTICS ==

[]
