---
source: src/optimizer/core/src/test.rs
assertion_line: 55
expression: output

---
==INPUT==


import { $, component, onRender } from '@builder.io/qwik';

export const renderHeader = $(() => {
    return (
        <div onClick={$((ctx) => console.log(ctx))}/>
    );
});
const renderHeader = component($(() => {
  console.log("mount");
  return render;
}));

============================= test.tsx ==

import * as qwik from "@builder.io/qwik";
import { component } from '@builder.io/qwik';
export const renderHeader = qwik.qrl(()=>import("./h_test_renderheader")
, "renderHeader");
component(qwik.qrl(()=>import("./h_test_renderheader2")
, "renderHeader2"));

============================= h_test_renderheader_div_onclick.tsx (ENTRY POINT)==

import * as qwik from "@builder.io/qwik";
export const renderHeader_div_onClick = (ctx)=>console.log(ctx)
;

/*
{
  "origin": "test.tsx",
  "name": "renderHeader_div_onClick",
  "entry": null,
  "canonicalFilename": "h_test_renderheader_div_onclick",
  "extension": "tsx"
}
*/
============================= h_test_renderheader.tsx (ENTRY POINT)==

import * as qwik from "@builder.io/qwik";
export const renderHeader = ()=>{
    return <div onClick={qwik.qrl(()=>import("./h_test_renderheader_div_onclick")
    , "renderHeader_div_onClick")}/>;
};

/*
{
  "origin": "test.tsx",
  "name": "renderHeader",
  "entry": null,
  "canonicalFilename": "h_test_renderheader",
  "extension": "tsx"
}
*/
============================= h_test_renderheader2.tsx (ENTRY POINT)==

import * as qwik from "@builder.io/qwik";
export const renderHeader2 = ()=>{
    console.log("mount");
    return render;
};

/*
{
  "origin": "test.tsx",
  "name": "renderHeader2",
  "entry": null,
  "canonicalFilename": "h_test_renderheader2",
  "extension": "tsx"
}
*/
== DIAGNOSTICS ==

[]
