---
source: src/optimizer/core/src/test.rs
expression: output
---
==INPUT==


import { $, component$, useStyles } from '@builder.io/qwik';

const componentQrl = () => console.log('not this');
componentQrl();
export const Foo = component$(() => {
    useStyles$('thing');
    const qwik = 12;
    console.log(qwik);
    return $(() => {
        return (
            <div/>
        )
    });
}, {
    tagName: "my-foo",
});

export const Root = component$(() => {
    useStyles($('thing'));
    return $(() => {
        return (
            <div/>
        )
    });
}, {
    tagName: "my-foo",
});

============================= test.js ==

import * as qwik from "@builder.io/qwik";
import { componentQrl as componentQrl1 } from "@builder.io/qwik";
const componentQrl = ()=>console.log('not this')
;
componentQrl();
export const Foo = /*#__PURE__*/ componentQrl1(qwik.qrl(()=>import("./h_test_foo_render")
, "Foo_render"), {
    tagName: "my-foo"
});
export const Root = /*#__PURE__*/ componentQrl1(qwik.qrl(()=>import("./h_test_root_render")
, "Root_render"), {
    tagName: "my-foo"
});

============================= h_test_foo_onrender.js (ENTRY POINT)==

import { jsx as _jsx } from "@builder.io/qwik/jsx-runtime";
import * as qwik from "@builder.io/qwik";
export const Foo_onRender = ()=>{
    return /*#__PURE__*/ _jsx("div", {});
};

/*
{
  "origin": "test.tsx",
  "name": "Foo_onRender",
  "entry": null,
  "canonicalFilename": "h_test_foo_onrender",
  "extension": "js"
}
*/
============================= h_test_foo_render.js (ENTRY POINT)==

import * as qwik from "@builder.io/qwik";
export const Foo_render = ()=>{
    useStyles$('thing');
    const qwik1 = 12;
    console.log(qwik1);
    return qwik.qrl(()=>import("./h_test_foo_onrender")
    , "Foo_onRender");
};

/*
{
  "origin": "test.tsx",
  "name": "Foo_render",
  "entry": null,
  "canonicalFilename": "h_test_foo_render",
  "extension": "js"
}
*/
============================= h_test_root_render3.js (ENTRY POINT)==

import * as qwik from "@builder.io/qwik";
export const Root_render3 = 'thing';

/*
{
  "origin": "test.tsx",
  "name": "Root_render3",
  "entry": null,
  "canonicalFilename": "h_test_root_render3",
  "extension": "js"
}
*/
============================= h_test_root_onrender.js (ENTRY POINT)==

import { jsx as _jsx } from "@builder.io/qwik/jsx-runtime";
import * as qwik from "@builder.io/qwik";
export const Root_onRender = ()=>{
    return /*#__PURE__*/ _jsx("div", {});
};

/*
{
  "origin": "test.tsx",
  "name": "Root_onRender",
  "entry": null,
  "canonicalFilename": "h_test_root_onrender",
  "extension": "js"
}
*/
============================= h_test_root_render.js (ENTRY POINT)==

import * as qwik from "@builder.io/qwik";
import { useStyles } from "@builder.io/qwik";
export const Root_render = ()=>{
    useStyles(qwik.qrl(()=>import("./h_test_root_render3")
    , "Root_render3"));
    return qwik.qrl(()=>import("./h_test_root_onrender")
    , "Root_onRender");
};

/*
{
  "origin": "test.tsx",
  "name": "Root_render",
  "entry": null,
  "canonicalFilename": "h_test_root_render",
  "extension": "js"
}
*/
== DIAGNOSTICS ==

[]
