---
source: src/test.rs
expression: "if let Some(code) = s.code { code } else { \"\".to_string() }"

---
export const App_Header_onRender_h = qHook(()=>{
    return (<div onClick={qHook("App_Header_onRender_div_onClick_h")}/>);
});
export const App_Header_onRender_div_onClick_h = qHook((ctx)=>console.log(ctx)
);
export const App_Header_onMount_h = qHook(()=>{
    console.log("mount");
});
export const App = ()=>{
    const Header = qComponent({
        "onMount": qHook("App_Header_onMount_h"),
        onRender: qHook("App_Header_onRender_h")
    });
    return Header;
};

