---
source: src/optimizer/core/src/test.rs
expression: output

---
==INPUT==


import {qHook} from '@builder.io/qwik';

const Header = qComponent({
    onRender: qHook((hola) => {
      const hola = this;
      const {something, styff} = hola;
      const hello = hola.nothere.stuff[global];
      return (
        <Header/>
      );
    })
  });

============================= test.tsx ==

import * as __qwik__ from "@builder.io/qwik";
/*#__PURE__*/ qComponent({
    onRender: __qwik__.qHook(()=>import("./h_test_header_onrender")
    , "Header_onRender")
});

============================= h_test_header_onrender.tsx (ENTRY POINT)==

import * as __qwik__ from "@builder.io/qwik";
export const Header_onRender = __qwik__.qHook((hola)=>{
    const hola = this;
    const { something , styff  } = hola;
    const hello = hola.nothere.stuff[global];
    return (<Header />);
});

== HOOKS ==

[
  {
    "origin": "test.tsx",
    "name": "Header_onRender",
    "entry": null,
    "canonicalFilename": "h_test_header_onrender",
    "localDecl": [
      "hello",
      "hola",
      "something",
      "styff"
    ],
    "localIdents": [
      "Header",
      "global",
      "hola"
    ]
  }
]

== DIAGNOSTICS ==

[]
