---
source: src/optimizer/core/src/test.rs
expression: output
---
==INPUT==


import { component$, $ } from '@builder.io/qwik';

export const Greeter = component$(() => {
    return $(() => {
        return (
            <div/>
        )
    });
});

const d = $(()=>console.log('thing'));

============================= test.js ==

import * as qwik from "@builder.io/qwik";
import { componentQrl } from "@builder.io/qwik";
export const Greeter = /*#__PURE__*/ componentQrl(qwik.qrl(()=>import("./h_test_greeter_render")
, "Greeter_render"));
qwik.qrl(()=>import("./h_test_d")
, "d");

============================= h_test_greeter_onrender.js (ENTRY POINT)==

import { jsx as _jsx } from "@builder.io/qwik/jsx-runtime";
import * as qwik from "@builder.io/qwik";
export const Greeter_onRender = ()=>{
    return /*#__PURE__*/ _jsx("div", {});
};

/*
{
  "origin": "test.tsx",
  "name": "Greeter_onRender",
  "entry": null,
  "canonicalFilename": "h_test_greeter_onrender",
  "extension": "js"
}
*/
============================= h_test_greeter_render.js (ENTRY POINT)==

import * as qwik from "@builder.io/qwik";
export const Greeter_render = ()=>{
    return qwik.qrl(()=>import("./h_test_greeter_onrender")
    , "Greeter_onRender");
};

/*
{
  "origin": "test.tsx",
  "name": "Greeter_render",
  "entry": null,
  "canonicalFilename": "h_test_greeter_render",
  "extension": "js"
}
*/
============================= h_test_d.js (ENTRY POINT)==

import * as qwik from "@builder.io/qwik";
export const d = ()=>console.log('thing')
;

/*
{
  "origin": "test.tsx",
  "name": "d",
  "entry": null,
  "canonicalFilename": "h_test_d",
  "extension": "js"
}
*/
== DIAGNOSTICS ==

[]
