---
source: src/optimizer/core/src/test.rs
expression: output
---
==INPUT==


import { $, component$, useStyles$ } from '@builder.io/qwik';

export const Foo = component$(() => {
    useStyles$('.class {}');
    return $(() => {
        return (
            <div class="class"/>
        )
    });
}, {
    tagName: "my-foo",
});

============================= test.tsx ==

import * as qwik from "@builder.io/qwik";
import { componentFromQrl } from "@builder.io/qwik";
export const Foo = /*#__PURE__*/ componentFromQrl(qwik.qrl(()=>import("./h_test_foo_onmount")
, "Foo_onmount"), {
    tagName: "my-foo"
});

============================= h_test_foo_usestyles.tsx (ENTRY POINT)==

import * as qwik from "@builder.io/qwik";
export const Foo_useStyles = '.class {}';

/*
{
  "origin": "test.tsx",
  "name": "Foo_useStyles",
  "entry": null,
  "canonicalFilename": "h_test_foo_usestyles",
  "extension": "tsx"
}
*/
============================= h_test_foo_onrender.tsx (ENTRY POINT)==

import * as qwik from "@builder.io/qwik";
export const Foo_onRender = ()=>{
    return <div class="class"/>;
};

/*
{
  "origin": "test.tsx",
  "name": "Foo_onRender",
  "entry": null,
  "canonicalFilename": "h_test_foo_onrender",
  "extension": "tsx"
}
*/
============================= h_test_foo_onmount.tsx (ENTRY POINT)==

import * as qwik from "@builder.io/qwik";
import { useStylesFromQrl } from "@builder.io/qwik";
export const Foo_onmount = ()=>{
    useStylesFromQrl(qwik.qrl(()=>import("./h_test_foo_usestyles")
    , "Foo_useStyles"));
    return qwik.qrl(()=>import("./h_test_foo_onrender")
    , "Foo_onRender");
};

/*
{
  "origin": "test.tsx",
  "name": "Foo_onmount",
  "entry": null,
  "canonicalFilename": "h_test_foo_onmount",
  "extension": "tsx"
}
*/
== DIAGNOSTICS ==

[]
