---
source: src/optimizer/core/src/test.rs
expression: output
---
==INPUT==


import { $, component$ } from '@builder.io/qwik';

export const Header = component$(() => {
    return $((hola) => {
        const hola = this;
        const {something, styff} = hola;
        const hello = hola.nothere.stuff[global];
        return (
            <Header/>
        );
    });
});

============================= test.tsx ==

import * as qwik from "@builder.io/qwik";
import { componentQrl } from "@builder.io/qwik";
export const Header = /*#__PURE__*/ componentQrl(qwik.qrl(()=>import("./h_test_header_component")
, "Header_component"));

============================= h_test_header_component1.tsx (ENTRY POINT)==

import * as qwik from "@builder.io/qwik";
import { Header } from "./test";
export const Header_component1 = (hola)=>{
    const hola = this;
    const { something , styff  } = hola;
    const hello = hola.nothere.stuff[global];
    return <Header />;
};

/*
{
  "origin": "test.tsx",
  "name": "Header_component1",
  "entry": null,
  "canonicalFilename": "h_test_header_component1",
  "extension": "tsx",
  "parent": "Header_component",
  "ctxKind": "function",
  "ctxName": "$",
  "captures": false
}
*/
============================= h_test_header_component.tsx (ENTRY POINT)==

import * as qwik from "@builder.io/qwik";
export const Header_component = ()=>{
    return qwik.qrl(()=>import("./h_test_header_component1")
    , "Header_component1");
};

/*
{
  "origin": "test.tsx",
  "name": "Header_component",
  "entry": null,
  "canonicalFilename": "h_test_header_component",
  "extension": "tsx",
  "parent": null,
  "ctxKind": "function",
  "ctxName": "component$",
  "captures": false
}
*/
== DIAGNOSTICS ==

[]
