---
source: src/optimizer/core/src/test.rs
expression: output
---
==INPUT==


import { $, component$ } from '@builder.io/qwik';

export const App = component$(() => {
    function hola() {
      console.log('hola');
    }
    class Thing {}
    class Other {}

    return $(() => {
      hola();
      new Thing();
      return (
          <div></div>
      )
    });
})

============================= test.js ==

import * as qwik from "@builder.io/qwik";
import { componentQrl } from "@builder.io/qwik";
export const App = /*#__PURE__*/ componentQrl(qwik.qrl(()=>import("./app_component_aj0udc0imoo")
, "App_component_aJ0UdC0imoo"));

============================= app_component$1_et9ngtxjeka.js (ENTRY POINT)==

import * as qwik from "@builder.io/qwik";
import { jsx as _jsx } from "@builder.io/qwik/jsx-runtime";
export const App_component$1_eT9NGtXJEKA = ()=>{
    hola();
    new Thing();
    return /*#__PURE__*/ _jsx("div", {});
};

/*
{
  "origin": "test.tsx",
  "name": "App_component$1_eT9NGtXJEKA",
  "entry": null,
  "canonicalFilename": "app_component$1_et9ngtxjeka",
  "extension": "js",
  "parent": "App_component_aJ0UdC0imoo",
  "ctxKind": "function",
  "ctxName": "$",
  "captures": false
}
*/
============================= app_component_aj0udc0imoo.js (ENTRY POINT)==

import * as qwik from "@builder.io/qwik";
export const App_component_aJ0UdC0imoo = ()=>{
    function hola() {
        console.log('hola');
    }
    class Thing {
    }
    class Other {
    }
    return qwik.qrl(()=>import("./app_component$1_et9ngtxjeka")
    , "App_component$1_eT9NGtXJEKA");
};

/*
{
  "origin": "test.tsx",
  "name": "App_component_aJ0UdC0imoo",
  "entry": null,
  "canonicalFilename": "app_component_aj0udc0imoo",
  "extension": "js",
  "parent": null,
  "ctxKind": "function",
  "ctxName": "component$",
  "captures": false
}
*/
== DIAGNOSTICS ==

[Diagnostic { origin: Atom('test.tsx' type=dynamic), message: "Identifier can not capture because it's a function: Thing", code_highlights: None, hints: None, show_environment: false, severity: Error, documentation_url: None }, Diagnostic { origin: Atom('test.tsx' type=dynamic), message: "Identifier can not capture because it's a function: hola", code_highlights: None, hints: None, show_environment: false, severity: Error, documentation_url: None }]
