---
source: src/optimizer/core/src/test.rs
assertion_line: 919
expression: output

---
==INPUT==


import { $, qComponent$, onRender$, h, Fragment } from '@builder.io/qwik';

export const Lightweight = () => {
    return (
        <div>
            <>
                <div/>
                <button/>
            </>
        </div>
    )
};

export const Foo = qComponent$("my-foo", () => {
    return onRender$(() => {
        return (
            <div>
                <>
                    <div class="class"/>
                    <div class="class"></div>
                    <div class="class">12</div>
                </>
                <div class="class">
                    <Lightweight/>
                </div>
                <div class="class">
                    <div/>
                    <div/>
                    <div/>
                </div>
                <div class="class">
                    {children}
                </div>
            </div>
        )
    });
})
    
============================= test.js ==

import { jsx as _jsx, jsxs as _jsxs, Fragment as _Fragment } from "@builder.io/qwik/jsx-runtime";
import * as qwik from "@builder.io/qwik";
import { qComponent } from "@builder.io/qwik";
export const Lightweight = ()=>{
    return(/*#__PURE__*/ _jsx("div", {
        children: /*#__PURE__*/ _jsxs(_Fragment, {
            children: [
                /*#__PURE__*/ _jsx("div", {}),
                /*#__PURE__*/ _jsx("button", {})
            ]
        })
    }));
};
export const Foo = /*#__PURE__*/ qComponent("my-foo", qwik.qrl(()=>import("./h_test_foo_onmount")
, "Foo_onmount"));

============================= h_test_foo_onrender.js (ENTRY POINT)==

import { jsx as _jsx, jsxs as _jsxs, Fragment as _Fragment } from "@builder.io/qwik/jsx-runtime";
import * as qwik from "@builder.io/qwik";
import { Lightweight } from "./test";
import { h } from "@builder.io/qwik";
import { Fragment } from "@builder.io/qwik";
export const Foo_onRender = ()=>{
    return(/*#__PURE__*/ _jsxs("div", {
        children: [
            /*#__PURE__*/ _jsxs(_Fragment, {
                children: [
                    /*#__PURE__*/ _jsx("div", {
                        class: "class"
                    }),
                    /*#__PURE__*/ _jsx("div", {
                        class: "class"
                    }),
                    /*#__PURE__*/ _jsx("div", {
                        class: "class",
                        children: "12"
                    })
                ]
            }),
            /*#__PURE__*/ _jsx("div", {
                class: "class",
                children: /*#__PURE__*/ _jsx(Lightweight, {})
            }),
            /*#__PURE__*/ _jsxs("div", {
                class: "class",
                children: [
                    /*#__PURE__*/ _jsx("div", {}),
                    /*#__PURE__*/ _jsx("div", {}),
                    /*#__PURE__*/ _jsx("div", {})
                ]
            }),
            /*#__PURE__*/ _jsx("div", {
                class: "class",
                children: children
            })
        ]
    }));
};

============================= h_test_foo_onmount.js (ENTRY POINT)==

import * as qwik from "@builder.io/qwik";
import { onRender } from "@builder.io/qwik";
export const Foo_onmount = ()=>{
    return onRender(qwik.qrl(()=>import("./h_test_foo_onrender")
    , "Foo_onRender"));
};

== HOOKS ==

[
  {
    "origin": "test.tsx",
    "name": "Foo_onRender",
    "entry": null,
    "canonicalFilename": "h_test_foo_onrender"
  },
  {
    "origin": "test.tsx",
    "name": "Foo_onmount",
    "entry": null,
    "canonicalFilename": "h_test_foo_onmount"
  }
]

== DIAGNOSTICS ==

[]
