---
source: src/optimizer/core/src/test.rs
expression: output
---
==INPUT==


import { $, component$, useStyles } from '@builder.io/qwik';

const componentQrl = () => console.log('not this');
componentQrl();
export const Foo = component$(() => {
    useStyles$('thing');
    const qwik = 12;
    console.log(qwik);
    return $(() => {
        return (
            <div/>
        )
    });
}, {
    tagName: "my-foo",
});

export const Root = component$(() => {
    useStyles($('thing'));
    return $(() => {
        return (
            <div/>
        )
    });
}, {
    tagName: "my-foo",
});

============================= test.js ==

import * as qwik from "@builder.io/qwik";
import { componentQrl as componentQrl1 } from "@builder.io/qwik";
const componentQrl = ()=>console.log('not this')
;
componentQrl();
export const Foo = /*#__PURE__*/ componentQrl1(qwik.qrl(()=>import("./foo_component_7n2avllyvuo")
, "Foo_component_7N2avlLYVuo"), {
    tagName: "my-foo"
});
export const Root = /*#__PURE__*/ componentQrl1(qwik.qrl(()=>import("./root_component_0xhmgr6gqgo")
, "Root_component_0xHmGR6gqGo"), {
    tagName: "my-foo"
});

============================= foo_component$1_642otg035oo.js (ENTRY POINT)==

import * as qwik from "@builder.io/qwik";
import { jsx as _jsx } from "@builder.io/qwik/jsx-runtime";
export const Foo_component$1_642OtG035oo = ()=>{
    return /*#__PURE__*/ _jsx("div", {});
};

/*
{
  "origin": "test.tsx",
  "name": "Foo_component$1_642OtG035oo",
  "entry": null,
  "canonicalFilename": "foo_component$1_642otg035oo",
  "extension": "js",
  "parent": "Foo_component_7N2avlLYVuo",
  "ctxKind": "function",
  "ctxName": "$",
  "captures": false
}
*/
============================= foo_component_7n2avllyvuo.js (ENTRY POINT)==

import * as qwik from "@builder.io/qwik";
export const Foo_component_7N2avlLYVuo = ()=>{
    useStyles$('thing');
    const qwik1 = 12;
    console.log(qwik1);
    return qwik.qrl(()=>import("./foo_component$1_642otg035oo")
    , "Foo_component$1_642OtG035oo");
};

/*
{
  "origin": "test.tsx",
  "name": "Foo_component_7N2avlLYVuo",
  "entry": null,
  "canonicalFilename": "foo_component_7n2avllyvuo",
  "extension": "js",
  "parent": null,
  "ctxKind": "function",
  "ctxName": "component$",
  "captures": false
}
*/
============================= root_component$1_mttxdhl10sk.js (ENTRY POINT)==

import * as qwik from "@builder.io/qwik";
export const Root_component$1_MTtxdhL10sk = 'thing';

/*
{
  "origin": "test.tsx",
  "name": "Root_component$1_MTtxdhL10sk",
  "entry": null,
  "canonicalFilename": "root_component$1_mttxdhl10sk",
  "extension": "js",
  "parent": "Root_component_0xHmGR6gqGo",
  "ctxKind": "function",
  "ctxName": "$",
  "captures": false
}
*/
============================= root_component$2_utkmluvopbg.js (ENTRY POINT)==

import * as qwik from "@builder.io/qwik";
import { jsx as _jsx } from "@builder.io/qwik/jsx-runtime";
export const Root_component$2_utKMluVoPbg = ()=>{
    return /*#__PURE__*/ _jsx("div", {});
};

/*
{
  "origin": "test.tsx",
  "name": "Root_component$2_utKMluVoPbg",
  "entry": null,
  "canonicalFilename": "root_component$2_utkmluvopbg",
  "extension": "js",
  "parent": "Root_component_0xHmGR6gqGo",
  "ctxKind": "function",
  "ctxName": "$",
  "captures": false
}
*/
============================= root_component_0xhmgr6gqgo.js (ENTRY POINT)==

import * as qwik from "@builder.io/qwik";
import { useStyles } from "@builder.io/qwik";
export const Root_component_0xHmGR6gqGo = ()=>{
    useStyles(qwik.qrl(()=>import("./root_component$1_mttxdhl10sk")
    , "Root_component$1_MTtxdhL10sk"));
    return qwik.qrl(()=>import("./root_component$2_utkmluvopbg")
    , "Root_component$2_utKMluVoPbg");
};

/*
{
  "origin": "test.tsx",
  "name": "Root_component_0xHmGR6gqGo",
  "entry": null,
  "canonicalFilename": "root_component_0xhmgr6gqgo",
  "extension": "js",
  "parent": null,
  "ctxKind": "function",
  "ctxName": "component$",
  "captures": false
}
*/
== DIAGNOSTICS ==

[]
