---
source: src/optimizer/core/src/test.rs
assertion_line: 1084
expression: output

---
==INPUT==


import { $, qComponent$ } from '@builder.io/qwik';
const Header = $((decl1, {decl2}, [decl3]) => {

    const hola = ident1.no;
    ident2;
    const a = ident1 + ident3;
    const b = ident1 + ident3;
    ident4(ident5, [ident6], {ident7}, {key: ident8});
    class Some {
        prop = ident9;
        method() {
            return ident10;
        }
    }

    return (
        <div onClick={(ident11) => ident11 + ident12} required={false}/>
    )
});
    
============================= project/test.tsx ==

import * as qwik from "@builder.io/qwik";
qwik.qrl(()=>import("../h_test_header")
, "Header");

============================= h_test_header.tsx (ENTRY POINT)==

import * as qwik from "@builder.io/qwik";
export const Header = (decl1, { decl2  }, [decl3])=>{
    const hola = ident1.no;
    ident2;
    const a = ident1 + ident3;
    const b = ident1 + ident3;
    ident4(ident5, [
        ident6
    ], {
        ident7
    }, {
        key: ident8
    });
    class Some {
        prop = ident9;
        method() {
            return ident10;
        }
    }
    return <div onClick={(ident11)=>ident11 + ident12
    } required={false}/>;
};

/*
{
  "origin": "project/test.tsx",
  "name": "Header",
  "entry": null,
  "canonicalFilename": "h_test_header",
  "extension": "tsx"
}
*/
== DIAGNOSTICS ==

[]
