---
source: src/optimizer/core/src/test.rs
expression: output
---
==INPUT==


import { $, component$ } from '@builder.io/qwik';
export const Header = component$(() => {
  console.log("mount");
  return $(() => {
    return (
      <div onClick={$((ctx) => console.log(ctx))}/>
    );
  });
});

============================= test.tsx ==

import * as qwik from "@builder.io/qwik";
import { componentFromQrl } from "@builder.io/qwik";
export const Header = /*#__PURE__*/ componentFromQrl(qwik.qrl(()=>import("./h_test_header_onmount")
, "Header_onmount"));

============================= h_test_header_onrender_div_onclick.tsx (ENTRY POINT)==

import * as qwik from "@builder.io/qwik";
export const Header_onRender_div_onClick = (ctx)=>console.log(ctx)
;

/*
{
  "origin": "test.tsx",
  "name": "Header_onRender_div_onClick",
  "entry": null,
  "canonicalFilename": "h_test_header_onrender_div_onclick",
  "extension": "tsx"
}
*/
============================= h_test_header_onrender.tsx (ENTRY POINT)==

import * as qwik from "@builder.io/qwik";
export const Header_onRender = ()=>{
    return <div onClick={qwik.qrl(()=>import("./h_test_header_onrender_div_onclick")
    , "Header_onRender_div_onClick")}/>;
};

/*
{
  "origin": "test.tsx",
  "name": "Header_onRender",
  "entry": null,
  "canonicalFilename": "h_test_header_onrender",
  "extension": "tsx"
}
*/
============================= h_test_header_onmount.tsx (ENTRY POINT)==

import * as qwik from "@builder.io/qwik";
export const Header_onmount = ()=>{
    console.log("mount");
    return qwik.qrl(()=>import("./h_test_header_onrender")
    , "Header_onRender");
};

/*
{
  "origin": "test.tsx",
  "name": "Header_onmount",
  "entry": null,
  "canonicalFilename": "h_test_header_onmount",
  "extension": "tsx"
}
*/
== DIAGNOSTICS ==

[]
