---
source: src/optimizer/core/src/test.rs
expression: output

---
==INPUT==


export const Header = qComponent({
    onRender: qHook(() => console.log("hello sym2"), "sym2")
});

    
============================= project/test.tsx ==

import * as __qwik__ from "@builder.io/qwik";
export const Header = /*#__PURE__*/ qComponent({
    onRender: __qwik__.qHook(()=>import("../entry_hooks")
    , "sym2")
});

============================= h_test_sym2.tsx ==

import * as __qwik__ from "@builder.io/qwik";
export const sym2 = __qwik__.qHook(()=>console.log("hello sym2")
);

============================= entry_hooks.ts (ENTRY POINT)==

export { sym2 } from "./h_test_sym2";

== HOOKS ==

[
  {
    "origin": "project/test.tsx",
    "name": "sym2",
    "entry": "entry_hooks",
    "canonicalFilename": "h_test_sym2",
    "localDecl": [],
    "localIdents": [
      "console"
    ]
  }
]

== DIAGNOSTICS ==

[]
