---
source: src/optimizer/core/src/test.rs
assertion_line: 741
expression: output

---
==INPUT==


import { qHook, qComponent, h, onRender } from '@builder.io/qwik';

export const Foo = qComponent(({foo}) => {
    const arg0 = 20;
    return onRender(() => {
        const fn = ({aaa}) => aaa;
        return (
            <div>
              {foo}{fn()}{arg0}
            </div>
        )
    });
})

export const Bar = qComponent(({bar}) => {
    return onRender(() => {
        return (
            <div>
              {bar}
            </div>
        )
    });
})

    
============================= test.tsx ==

import * as __qwik__ from "@builder.io/qwik";
import { qComponent } from '@builder.io/qwik';
export const Foo = /*#__PURE__*/ qComponent(__qwik__.qrl(()=>import("./h_test_foo_init")
, "Foo_init"));
export const Bar = /*#__PURE__*/ qComponent(__qwik__.qrl(()=>import("./h_test_bar_init")
, "Bar_init"));

============================= h_test_foo_onrender.tsx (ENTRY POINT)==

import * as __qwik__ from "@builder.io/qwik";
export const Foo_onRender = ()=>{
    const [arg0, foo] = __qwik__.useLexicalScope();
    const fn = ({ aaa  })=>aaa
    ;
    return <div >

              {foo}{fn()}{arg0}

            </div>;
};

============================= h_test_foo_init.tsx (ENTRY POINT)==

import * as __qwik__ from "@builder.io/qwik";
import { onRender } from "@builder.io/qwik";
export const Foo_init = ({ foo  })=>{
    const arg0 = 20;
    return onRender(__qwik__.qrl(()=>import("./h_test_foo_onrender")
    , "Foo_onRender", [
        arg0,
        foo
    ]));
};

============================= h_test_bar_onrender.tsx (ENTRY POINT)==

import * as __qwik__ from "@builder.io/qwik";
export const Bar_onRender = ()=>{
    const [bar] = __qwik__.useLexicalScope();
    return <div >

              {bar}

            </div>;
};

============================= h_test_bar_init.tsx (ENTRY POINT)==

import * as __qwik__ from "@builder.io/qwik";
import { onRender } from "@builder.io/qwik";
export const Bar_init = ({ bar  })=>{
    return onRender(__qwik__.qrl(()=>import("./h_test_bar_onrender")
    , "Bar_onRender", [
        bar
    ]));
};

== HOOKS ==

[
  {
    "origin": "test.tsx",
    "name": "Foo_onRender",
    "entry": null,
    "canonicalFilename": "h_test_foo_onrender"
  },
  {
    "origin": "test.tsx",
    "name": "Foo_init",
    "entry": null,
    "canonicalFilename": "h_test_foo_init"
  },
  {
    "origin": "test.tsx",
    "name": "Bar_onRender",
    "entry": null,
    "canonicalFilename": "h_test_bar_onrender"
  },
  {
    "origin": "test.tsx",
    "name": "Bar_init",
    "entry": null,
    "canonicalFilename": "h_test_bar_init"
  }
]

== DIAGNOSTICS ==

[]
