---
source: src/optimizer/core/src/test.rs
assertion_line: 741
expression: output

---
==INPUT==


import { qHook, qComponent, h } from '@builder.io/qwik';
const Header = qHook((decl1, {decl2}, [decl3]) => {
    const {decl4, key: decl5} = this;
    let [decl6, ...decl7] = stuff;
    const decl8 = 1, decl9;
    function decl10(decl11, {decl12}, [decl13]) {}
    class decl14 {
        method(decl15, {decl16}, [decl17]) {}
    }
    try{}catch(decl18){}
    try{}catch({decl19}){}
});
    
============================= test.tsx ==

import * as __qwik__ from "@builder.io/qwik";
__qwik__.qrl(()=>import("./h_test_header")
, "Header");

============================= h_test_header.tsx (ENTRY POINT)==

import * as __qwik__ from "@builder.io/qwik";
export const Header = (decl1, { decl2  }, [decl3])=>{
    const { decl4 , key: decl5  } = this;
    let [decl6, ...decl7] = stuff;
    const decl8 = 1, decl9;
    function decl10(decl11, { decl12  }, [decl13]) {}
    class decl14 {
        method(decl15, { decl16  }, [decl17]) {}
    }
    try {} catch (decl18) {}
    try {} catch ({ decl19  }) {}
};

== HOOKS ==

[
  {
    "origin": "test.tsx",
    "name": "Header",
    "entry": null,
    "canonicalFilename": "h_test_header"
  }
]

== DIAGNOSTICS ==

[]
