---
source: src/optimizer/core/src/test.rs
assertion_line: 919
expression: output

---
==INPUT==


import { $, qComponent$, onRender$ } from '@builder.io/qwik';

export const [a, {b, v1: [c], d=v2, ...e}, f=v3, ...g] = obj;

const exp1 = 1;
const internal = 2;
export {exp1, internal as expr2};

export function foo() { }
export class bar {}

export default function DefaultFn() {}

export const Header = qComponent$(() => {
    onRender$(() => (
        <Footer>
            <div>{a}{b}{c}{d}{e}{f}{exp1}{internal}{foo}{bar}{DefaultFn}</div>
            <div>{v1}{v2}{v3}{obj}</div>
        </Footer>
    ))
});

export const Footer = qComponent$();

    
============================= project/test.tsx ==

import * as qwik from "@builder.io/qwik";
import { qComponent } from "@builder.io/qwik";
export const [a, { b , v1: [c] , d =v2 , ...e }, f = v3, ...g] = obj;
const exp1 = 1;
const internal = 2;
export { exp1, internal as expr2 };
export function foo() {}
export class bar {
}
export default function DefaultFn() {};
export const Header = /*#__PURE__*/ qComponent(qwik.qrl(()=>import("../h_test_header_onmount")
, "Header_onmount"));
export const Footer = /*#__PURE__*/ qComponent();

============================= h_test_header_onrender.tsx (ENTRY POINT)==

import * as qwik from "@builder.io/qwik";
import { default as DefaultFn } from "./project/test";
import { Footer } from "./project/test";
import { a } from "./project/test";
import { b } from "./project/test";
import { bar } from "./project/test";
import { c } from "./project/test";
import { d } from "./project/test";
import { e } from "./project/test";
import { exp1 } from "./project/test";
import { f } from "./project/test";
import { foo } from "./project/test";
import { expr2 as internal } from "./project/test";
export const Header_onRender = ()=><Footer >

            <div >{a}{b}{c}{d}{e}{f}{exp1}{internal}{foo}{bar}{DefaultFn}</div>

            <div >{v1}{v2}{v3}{obj}</div>

        </Footer>
;

============================= h_test_header_onmount.tsx (ENTRY POINT)==

import * as qwik from "@builder.io/qwik";
import { onRender } from "@builder.io/qwik";
export const Header_onmount = ()=>{
    onRender(qwik.qrl(()=>import("../h_test_header_onrender")
    , "Header_onRender"));
};

== HOOKS ==

[
  {
    "origin": "project/test.tsx",
    "name": "Header_onRender",
    "entry": null,
    "canonicalFilename": "h_test_header_onrender"
  },
  {
    "origin": "project/test.tsx",
    "name": "Header_onmount",
    "entry": null,
    "canonicalFilename": "h_test_header_onmount"
  }
]

== DIAGNOSTICS ==

[]
