---
source: src/optimizer/core/src/test.rs
assertion_line: 117
expression: output

---
==INPUT==


import { $, component$ } from '@builder.io/qwik';
export function App() {
    const Header = component$(() => {
        console.log("mount");
        return $(() => {
            return (
                <div onClick={$((ctx) => console.log(ctx))}/>
            );
        });
    });
    return Header;
}

============================= test.tsx ==

import * as qwik from "@builder.io/qwik";
import { component } from "@builder.io/qwik";
export function App() {
    const Header = /*#__PURE__*/ component(qwik.qrl(()=>import("./h_test_app_header")
    , "App_Header"));
    return Header;
}

============================= h_test_app_header_onrender_div_onclick.tsx (ENTRY POINT)==

import * as qwik from "@builder.io/qwik";
export const App_Header_onRender_div_onClick = (ctx)=>console.log(ctx)
;

/*
{
  "origin": "test.tsx",
  "name": "App_Header_onRender_div_onClick",
  "entry": null,
  "canonicalFilename": "h_test_app_header_onrender_div_onclick",
  "extension": "tsx"
}
*/
============================= h_test_app_header_onrender.tsx (ENTRY POINT)==

import * as qwik from "@builder.io/qwik";
export const App_Header_onRender = ()=>{
    return <div onClick={qwik.qrl(()=>import("./h_test_app_header_onrender_div_onclick")
    , "App_Header_onRender_div_onClick")}/>;
};

/*
{
  "origin": "test.tsx",
  "name": "App_Header_onRender",
  "entry": null,
  "canonicalFilename": "h_test_app_header_onrender",
  "extension": "tsx"
}
*/
============================= h_test_app_header.tsx (ENTRY POINT)==

import * as qwik from "@builder.io/qwik";
export const App_Header = ()=>{
    console.log("mount");
    return qwik.qrl(()=>import("./h_test_app_header_onrender")
    , "App_Header_onRender");
};

/*
{
  "origin": "test.tsx",
  "name": "App_Header",
  "entry": null,
  "canonicalFilename": "h_test_app_header",
  "extension": "tsx"
}
*/
== DIAGNOSTICS ==

[]
