---
source: src/optimizer/core/src/test.rs
expression: output
---
==INPUT==


import { component$, $, useStyles$ } from '@builder.io/qwik';

export const App = component$((props) => {
    useStyles$('hola');
    return $(() => (
        <div></div>
    ));
});

============================= test.tsx ==

import * as qwik from "@builder.io/qwik";
import { componentQrl } from "@builder.io/qwik";
export const App = /*#__PURE__*/ componentQrl(qwik.qrl(()=>import("./h_test_app_render.tsx")
, "App_render"));

============================= h_test_app_usestyles.tsx (ENTRY POINT)==

import * as qwik from "@builder.io/qwik";
export const App_useStyles = 'hola';

/*
{
  "origin": "test.tsx",
  "name": "App_useStyles",
  "entry": null,
  "canonicalFilename": "h_test_app_usestyles",
  "extension": "tsx"
}
*/
============================= h_test_app_onrender.tsx (ENTRY POINT)==

import * as qwik from "@builder.io/qwik";
export const App_onRender = ()=><div ></div>
;

/*
{
  "origin": "test.tsx",
  "name": "App_onRender",
  "entry": null,
  "canonicalFilename": "h_test_app_onrender",
  "extension": "tsx"
}
*/
============================= h_test_app_render.tsx (ENTRY POINT)==

import * as qwik from "@builder.io/qwik";
import { useStylesQrl } from "@builder.io/qwik";
export const App_render = (props)=>{
    useStylesQrl(qwik.qrl(()=>import("./h_test_app_usestyles.tsx")
    , "App_useStyles"));
    return qwik.qrl(()=>import("./h_test_app_onrender.tsx")
    , "App_onRender");
};

/*
{
  "origin": "test.tsx",
  "name": "App_render",
  "entry": null,
  "canonicalFilename": "h_test_app_render",
  "extension": "tsx"
}
*/
== DIAGNOSTICS ==

[]
