---
source: src/optimizer/core/src/test.rs
expression: output

---
==INPUT==


import {qHook, h} from '@builder.io/qwik';
import thing from 'lib';
import * as all from 'lib';
import {s as se} from 'lib';


export const Header = qComponent({
    onMount: <div/>,
    onRender: qHook(() => <Footer>{thing}{all()}{se()}</Footer>)
});

export const Footer = qComponent();


    
============================= project/test.js ==

import*as a from"@builder.io/qwik";import{h as b}from"@builder.io/qwik";export const Header=/*#__PURE__*/ qComponent({onMount:/*#__PURE__*/ b("div",null),onRender:a.qHook(()=>import("../entry_hooks"),"Header_onRender")});export const Footer=/*#__PURE__*/ qComponent();
============================= h_test_header_onrender.js ==

import*as a from"@builder.io/qwik";import{Footer as b}from"./project/test";import*as c from"lib";import{h as d}from"@builder.io/qwik";import{s as e}from"lib";import f from"lib";export const Header_onRender=a.qHook(()=>d(b,null,f,c(),e()));
============================= entry_hooks.js (ENTRY POINT)==

export { Header_onRender } from "./h_test_header_onrender";

== HOOKS ==

[
  {
    "origin": "project/test.tsx",
    "name": "Header_onRender",
    "entry": "entry_hooks",
    "canonicalFilename": "h_test_header_onrender",
    "localDecl": [],
    "localIdents": [
      "Footer",
      "all",
      "h",
      "se",
      "thing"
    ]
  }
]

== DIAGNOSTICS ==

[]
