---
source: src/test.rs
expression: output

---
==INPUT==


export const Header = qComponent({
    onRender: qHook(() => {
        return (
            <>
                <div onClick={qHook((ctx) => console.log("1"))}/>
                <div onClick={qHook((ctx) => console.log("2"))}/>
            </>
        );
    })
});
    
=============================: test.tsx==

export const Header = qComponent({
    onRender: qHook("h_test.tsx.js#Header_onRender_h")
});

=============================: h_test.tsx.js==

export const Header_onRender_div_onClick_h = qHook((ctx)=>console.log("1")
);

=============================: h_test.tsx.js==

export const Header_onRender_div_onClick_h1 = qHook((ctx)=>console.log("2")
);

=============================: h_test.tsx.js==

export const Header_onRender_h = qHook(()=>{
    return (<>

                <div onClick={qHook("h_test.tsx.js#Header_onRender_div_onClick_h")}/>

                <div onClick={qHook("h_test.tsx.js#Header_onRender_div_onClick_h1")}/>

            </>);
});

== HOOKS ==

[
  {
    "name": "Header_onRender_div_onClick_h",
    "local_decl": [
      "ctx"
    ],
    "local_idents": [
      "console",
      "ctx",
      "log",
      "qHook"
    ]
  },
  {
    "name": "Header_onRender_div_onClick_h1",
    "local_decl": [
      "ctx"
    ],
    "local_idents": [
      "console",
      "ctx",
      "log",
      "qHook"
    ]
  },
  {
    "name": "Header_onRender_h",
    "local_decl": [
      "ctx"
    ],
    "local_idents": [
      "console",
      "ctx",
      "div",
      "log",
      "onClick",
      "qHook"
    ]
  }
]

== DIAGNOSTICS ==

None
