---
source: src/optimizer/core/src/test.rs
expression: output

---
==INPUT==


const Header = qComponent({
  "onMount": qHook(() => { console.log("mount") }),
  onRender: qHook(() => {
    return (
      <div onClick={qHook((ctx) => console.log(ctx))}/>
    );
  })
});
    
============================= test.tsx ==

import * as __qwik__ from "@builder.io/qwik";
/*#__PURE__*/ qComponent({
    "onMount": __qwik__.qHook(()=>import("./h_test_header_onmount")
    , "Header_onMount"),
    onRender: __qwik__.qHook(()=>import("./h_test_header_onrender")
    , "Header_onRender")
});

============================= h_test_header_onmount.tsx (ENTRY POINT)==

import * as __qwik__ from "@builder.io/qwik";
export const Header_onMount = __qwik__.qHook(()=>{
    console.log("mount");
});

============================= h_test_header_onrender_div_onclick.tsx (ENTRY POINT)==

import * as __qwik__ from "@builder.io/qwik";
export const Header_onRender_div_onClick = __qwik__.qHook((ctx)=>console.log(ctx)
);

============================= h_test_header_onrender.tsx (ENTRY POINT)==

import * as __qwik__ from "@builder.io/qwik";
export const Header_onRender = __qwik__.qHook(()=>{
    return (<div onClick={__qwik__.qHook(()=>import("./h_test_header_onrender_div_onclick")
    , "Header_onRender_div_onClick")}/>);
});

== HOOKS ==

[
  {
    "origin": "test.tsx",
    "name": "Header_onMount",
    "entry": null,
    "canonicalFilename": "h_test_header_onmount",
    "localDecl": [],
    "localIdents": [
      "console"
    ]
  },
  {
    "origin": "test.tsx",
    "name": "Header_onRender_div_onClick",
    "entry": null,
    "canonicalFilename": "h_test_header_onrender_div_onclick",
    "localDecl": [
      "ctx"
    ],
    "localIdents": [
      "console",
      "ctx"
    ]
  },
  {
    "origin": "test.tsx",
    "name": "Header_onRender",
    "entry": null,
    "canonicalFilename": "h_test_header_onrender",
    "localDecl": [],
    "localIdents": []
  }
]

== DIAGNOSTICS ==

[]
